--> whereis pw
ctools.pweight user.pwd
--> whereis lang
clpackage.language
--> whereis st
hst_calib.stis headers.stfhistory imgtools.stack stplot.stfov graphics.stplot analysis.statistics fitsio.stwfits fitsio.strfits plot.stdplot plot.stdgraph user.strings imcoords.starfind clpackage.stecf clpackage.stsdas
--> whereis std
plot.stdplot plot.stdgraph
--> whereis stdg
plot.stdgraph
--> whereis stdpl
plot.stdplot
--> whereis star
imcoords.starfind
--> whereis star man
imcoords.starfind
user.man
--> whereis vi
tv.vimexam user.vi
--> whereis noao
clpackage.noao
--> whereis impl
plot.implot
--> whereis ls
user.ls
--> whereis surf
plot.surface noao.surfphot utilities.surfit
--> whereis surf man
plot.surface noao.surfphot utilities.surfit
user.man
--> whereis smart man
smart: task not found.
user.man
--> whereis img
toolbox.imgtools imutil.imgets images.imgeom
--> whereis prot
system.protect clpackage.proto
--> whereis pro
stsdas.problems plot.prows plot.prow system.protect clpackage.proto
--> whereis prow
plot.prows plot.prow
--> whereis prows
plot.prows
--> whereis prowss
prowss: task not found.
--> whereis dis
tv.display sdisplay.disconlab system.diskspace
--> whereis no
ctools.north stsdas.nopyraf noao.nobsolete clpackage.noao
